RecursiveCharacterTextSplitter not available - PDF indexing disabled
Initializing Clinical Chatbot...
Database not found: C:\Users\chiti\Downloads\openmrs_chatbot\openmrs_chatbot\data\medication.json
Medication components initialized (RxNorm + DoseCalc + FDA API)
Using new ChromaDB API (PersistentClient)
Using new ChromaDB API (PersistentClient)
Using new ChromaDB API (PersistentClient)
Knowledge base collections initialized
Knowledge base collections initialized
Knowledge base collections initialized
ValidationAgent initialized with hallucination prevention
Chatbot initialized
Query received: when is the next immunization dose scheduled
Intent classification: IMMUNIZATION_QUERY | Matches: 2 | Agent: MCP_IMMUNIZATION_AGENT
Triage: PATIENT | Intent: IMMUNIZATION_QUERY | Agent: MCP_IMMUNIZATION_AGENT | Patient: N/A
[IMMUNIZATION] Immunization query detected for patient 100008E
Connecting to database...
OpenMRS database connected
Query retrieved 1 records
Patient ID 100008E validated successfully
Querying patient 100008E...
OpenMRS database connected
Query retrieved 1 records
Verified patient ID 100008E -> internal ID 15
Query retrieved 1 records
Query retrieved 50 records
Query retrieved 8 records
Query retrieved 31 records
Query retrieved 6 records
OpenMRS database disconnected
[IMMUNIZATION] Question asks for NEXT SCHEDULED DOSE
OpenMRS database connected
[IMMUNIZATION] Found patient 100008E (internal ID: 15)
[IMMUNIZATION] Next scheduled dose: Diphtheria tetanus and pertussis vaccination on 2026-09-25 04:00:00
[IMMUNIZATION] Found patient 100008E (internal ID: 15)
[IMMUNIZATION] Patient birthdate: 2020-09-25
[IMMUNIZATION] Found patient 100008E (internal ID: 15)
[IMMUNIZATION] Found 4 immunization records for patient 100008E
[IMMUNIZATION] Age: 65 months, Given vaccines: {'diphtheria tetanus and pertussis vaccination'}
[IMMUNIZATION] Missed vaccine: MMR (Measles, Mumps, Rubella) (overdue for age 65 months)
[IMMUNIZATION] Missed vaccine: COVID-19 (mRNA) (overdue for age 65 months)
[IMMUNIZATION] Missed vaccine: DPT (Diphtheria, Pertussis, Tetanus) (overdue for age 65 months)
[IMMUNIZATION] Missed vaccine: Polio IPV (overdue for age 65 months)
[IMMUNIZATION] Missed vaccine: Influenza (Seasonal) (overdue for age 65 months)
[IMMUNIZATION] Missed vaccine: DTaP (Diphtheria, Tetanus, acellular Pertussis) (overdue for age 65 months)
[IMMUNIZATION] Found 6 missed/overdue vaccines
[IMMUNIZATION] Found patient 100008E (internal ID: 15)
[IMMUNIZATION] Found 4 immunization records for patient 100008E
OpenMRS database disconnected
[IMMUNIZATION] Immunization information provided
Query received: what vaccines has my child missed
Intent classification: MEDICATION_EMERGENCY_QUERY | Matches: 1 | Agent: MCP_MEDICATION_AGENT
Triage: PATIENT | Intent: MEDICATION_EMERGENCY_QUERY | Agent: MCP_MEDICATION_AGENT | Patient: N/A
[MED_EMERGENCY] MEDICATION EMERGENCY DETECTED - SAFETY PRIORITY
[MED_EMERGENCY] Emergency type: MISSED_DOSE
[MED_EMERGENCY] Emergency response sent to DOCTOR
Query received: show immunization history
Intent classification: IMMUNIZATION_QUERY | Matches: 2 | Agent: MCP_IMMUNIZATION_AGENT
Triage: PATIENT | Intent: IMMUNIZATION_QUERY | Agent: MCP_IMMUNIZATION_AGENT | Patient: N/A
[IMMUNIZATION] Immunization query detected for patient 100008E
Query retrieved 1 records
Patient ID 100008E validated successfully
Querying patient 100008E...
OpenMRS database connected
Query retrieved 1 records
Verified patient ID 100008E -> internal ID 15
Query retrieved 1 records
Query retrieved 50 records
Query retrieved 8 records
Query retrieved 31 records
Query retrieved 6 records
OpenMRS database disconnected
[IMMUNIZATION] Question asks for FULL IMMUNIZATION RECORD
OpenMRS database connected
[IMMUNIZATION] Found patient 100008E (internal ID: 15)
[IMMUNIZATION] Found 4 immunization records for patient 100008E
[IMMUNIZATION] Found patient 100008E (internal ID: 15)
[IMMUNIZATION] Patient birthdate: 2020-09-25
[IMMUNIZATION] Patient age: 65 months (5.4 years)
[IMMUNIZATION] Found patient 100008E (internal ID: 15)
[IMMUNIZATION] Found 4 immunization records for patient 100008E
[IMMUNIZATION] Previously given vaccines: {'diphtheria tetanus and pertussis vaccination'}
[IMMUNIZATION] Recommending MMR (Measles, Mumps, Rubella) for age 65 months
[IMMUNIZATION] Recommending COVID-19 (mRNA) for age 65 months
[IMMUNIZATION] Recommending DPT (Diphtheria, Pertussis, Tetanus) for age 65 months
[IMMUNIZATION] Recommending Polio IPV for age 65 months
[IMMUNIZATION] Recommending Influenza (Seasonal) for age 65 months
[IMMUNIZATION] Recommending DTaP (Diphtheria, Tetanus, acellular Pertussis) for age 65 months
[IMMUNIZATION] Found 6 recommended vaccines for age 65 months
OpenMRS database disconnected
[IMMUNIZATION] Immunization information provided
Initializing chatbot...

======================================================================
QUESTION: when is the next immunization dose scheduled
USER: DOCTOR | PATIENT: 100008E
======================================================================
NEXT SCHEDULED IMMUNIZATION - PATIENT 100008E
Patient Name: Joshua
Age: 5.4 years (65 months)
================================================================================

NEXT SCHEDULED DOSE:
--------------------------------------------------------------------------------
Vaccine: Diphtheria tetanus and pertussis vaccination
Scheduled Date: 2026-09-25 04:00:00
Record Date: 2026-03-04 00:04:07

--------------------------------------------------------------------------------
RECENT IMMUNIZATION HISTORY:
--------------------------------------------------------------------------------
1. Diphtheria tetanus and pertussis vaccination
   Dose 1 on 2020-11-25 05:00:00, Dose 2 on 2021-01-25 05:00:00, Dose 3 on 2021-03-25 04:00:00, Dose 4 on 2021-12-25 05:00:00

--------------------------------------------------------------------------------
RECOMMENDATIONS:
ò Verify dates with official records
ò Schedule overdue vaccinations immediately
ò Document administration and lot numbers

Source: OpenMRS Patient Record


======================================================================
QUESTION: what vaccines has my child missed
USER: DOCTOR | PATIENT: 100008E
======================================================================
**MEDICATION EMERGENCY - MISSED_DOSE**

Clinical guidance for this emergency requires:
1. Immediate patient assessment
2. Specific medication details
3. Patient's medical history and current vitals
4. Contact regional Poison Control Center if needed

Recommended actions:
- Activated charcoal (if appropriate for the medication)
- Supportive care and monitoring
- Contact pharmaceutical company for specific antidotes if needed
- Monitor for signs of toxicity


======================================================================
QUESTION: show immunization history
USER: DOCTOR | PATIENT: 100008E
======================================================================
IMMUNIZATION RECORD - PATIENT 100008E
Patient Name: Joshua
Age: 5.4 years (65 months)
================================================================================

IMMUNIZATION HISTORY:
--------------------------------------------------------------------------------
1. Diphtheria tetanus and pertussis vaccination
   Dose 1 on 2020-11-25 05:00:00, Dose 2 on 2021-01-25 05:00:00, Dose 3 on 2021-03-25 04:00:00, Dose 4 on 2021-12-25 05:00:00

--------------------------------------------------------------------------------
RECOMMENDED UPCOMING VACCINES:
--------------------------------------------------------------------------------
1. MMR (Measles, Mumps, Rubella)
   Recommended Age Group(s): 12-15 months, 4-6 years
   Total Doses Required: 2
   Dosing Interval: 28 days minimum
   Description: Protects against measles, mumps, and rubella
   Contraindications: Severe egg allergy, Immunocompromised, Pregnancy
   Common Side Effects: Fever, Rash, Mild joint pain in adults

2. COVID-19 (mRNA)
   Recommended Age Group(s): 6 months and older
   Total Doses Required: 2
   Dosing Interval: 3-8 weeks
   Description: mRNA vaccine for COVID-19 prevention
   Contraindications: Severe allergic reaction to previous dose
   Common Side Effects: Injection site pain, Fatigue, Headache, Myalgia, Fever

3. DPT (Diphtheria, Pertussis, Tetanus)
   Recommended Age Group(s): 2 months, 4 months, 6 months, 15-18 months, 4-6 years, Adult td every 10 years
   Total Doses Required: 5
   Dosing Interval: 8-12 weeks for initial series
   Description: Protects against diphtheria, pertussis, and tetanus
   Contraindications: Severe allergic reaction to previous dose
   Common Side Effects: Fever, Swelling at injection site, Fussiness

4. Polio IPV
   Recommended Age Group(s): 2 months, 4 months, 6-18 months, 4-6 years
   Total Doses Required: 4
   Dosing Interval: 8-12 weeks for initial series
   Description: Inactivated polio vaccine for polio prevention
   Contraindications: Severe allergic reaction to previous dose, Severe immunocompromise
   Common Side Effects: Soreness at injection site, Low-grade fever

5. Influenza (Seasonal)
   Recommended Age Group(s): 6 months and older
   Total Doses Required: 1
   Dosing Interval: N/A - annual
   Description: Annual influenza vaccination for seasonal flu prevention
   Contraindications: Severe egg allergy, Previous severe allergic reaction
   Common Side Effects: Injection site soreness, Low-grade fever, Mild fatigue

6. DTaP (Diphtheria, Tetanus, acellular Pertussis)
   Recommended Age Group(s): 2 months, 4 months, 6 months, 15-18 months, 4-6 years
   Total Doses Required: 5
   Dosing Interval: 8 weeks between doses 1-3, at least 6 months between doses 3 and 4
   Description: Acellular pertussis version of the DPT vaccine. Protects against diphtheria, tetanus, and pertussis with fewer side effects. Standard childhood vaccine in the US and most developed countries.
   Contraindications: Severe allergic reaction to previous DTaP dose, Encephalopathy within 7 days of previous pertussis vaccine, Progressive neurological disorder
   Common Side Effects: Redness and swelling at injection site, Fever, Fussiness and crying, Fatigue, Vomiting

--------------------------------------------------------------------------------
CLINICAL CONSIDERATIONS:
ò Verify immunization status against official vaccination schedule
ò Check for any contraindications before administering vaccines
ò Document vaccine lot numbers and administration sites
ò Counsel parent/caregiver on expected side effects
ò Review catch-up vaccination if patient is behind schedule
ò Consider immunization requirements for travel

Source: OpenMRS Patient Record + Immunization Schedule Database


======================================================================
TESTS COMPLETE
======================================================================

